// Jest Snapshot v1, https://goo.gl/fbAQLP

exports[`<Input /> renders component correctly 1`] = `
.c0 {
  -webkit-flex: 1;
  -ms-flex: 1;
  flex: 1;
  font-size: 16px;
  padding: 10px 10px;
  border-radius: 8px;
  border: 1px solid #BDBDBD;
  outline: none;
}

<div>
  <input
    class="c0"
    value="default value"
  />
</div>
`;
