// Jest Snapshot v1, https://goo.gl/fbAQLP

exports[`<PageHeader /> renders component correctly 1`] = `
.c0 {
  position: absolute;
  top: 0;
  left: 0;
  right: 0;
  display: -webkit-box;
  display: -webkit-flex;
  display: -ms-flexbox;
  display: flex;
  -webkit-align-items: center;
  -webkit-box-align: center;
  -ms-flex-align: center;
  align-items: center;
  -webkit-box-pack: center;
  -webkit-justify-content: center;
  -ms-flex-pack: center;
  justify-content: center;
  background-color: #1E40FF;
}

.c1 {
  padding: 20px;
  color: #FFFFFF;
  font-size: 20px;
  font-weight: 600;
}

<div>
  <div
    class="c0"
  >
    <div
      class="c1"
    >
      할 일 목록
    </div>
  </div>
</div>
`;

exports[`<PageHeader /> renders component correctly with /add URL 1`] = `
.c0 {
  position: absolute;
  top: 0;
  left: 0;
  right: 0;
  display: -webkit-box;
  display: -webkit-flex;
  display: -ms-flexbox;
  display: flex;
  -webkit-align-items: center;
  -webkit-box-align: center;
  -ms-flex-align: center;
  align-items: center;
  -webkit-box-pack: center;
  -webkit-justify-content: center;
  -ms-flex-pack: center;
  justify-content: center;
  background-color: #1E40FF;
}

.c1 {
  padding: 20px;
  color: #FFFFFF;
  font-size: 20px;
  font-weight: 600;
}

.c2 {
  padding: 20px;
  color: #FFFFFF;
  font-size: 16px;
  font-weight: 600;
  -webkit-text-decoration: none;
  text-decoration: none;
  position: absolute;
  left: 20px;
}

<div>
  <div
    class="c0"
  >
    <div
      class="c1"
    >
      할 일 추가
    </div>
    <a
      class="c2"
      href="/"
    >
      돌아가기
    </a>
  </div>
</div>
`;
