// Jest Snapshot v1, https://goo.gl/fbAQLP

exports[`<NotFound /> renders component correctly 1`] = `
.c0 {
  font-size: 20px;
}

<div>
  <div
    class="c0"
  >
    Not Found ðŸ˜¿
  </div>
</div>
`;
