// Jest Snapshot v1, https://goo.gl/fbAQLP

exports[`<ToDoList /> renders component correctly 1`] = `
.c0 {
  min-width: 350px;
  height: 400px;
  overflow-y: scroll;
  border: 1px solid #BDBDBD;
  margin-bottom: 20px;
}

<div>
  <div
    class="c0"
    data-testid="toDoList"
  />
</div>
`;
