// Jest Snapshot v1, https://goo.gl/fbAQLP

exports[`<App /> renders component correctly 1`] = `
<div>
  <div
    class="sc-bdfBwQ hMdVtH"
  >
    <div
      class="sc-gsTCUz iOxorS"
    >
      <img
        alt="logo"
        class="sc-dlfnbm eNdJmz"
        src="logo.svg"
      />
      <p>
        Edit 
        <code>
          src/App.tsx
        </code>
         and save to reload.
      </p>
      <a
        class="sc-hKgILt eJlGDo"
        href="https://reactjs.org"
        rel="noopener noreferrer"
        target="_blank"
      >
        Learn React
      </a>
    </div>
  </div>
</div>
`;
